/home/azureuser/bench/DiscoverPhysics/ScienceAgent/scienceagent/mse_fitting.py:165: UserWarning: skipping experiment '20260815T051107_cc-session__r2__e0': 350/385 (time, particle) cells contain NaN values in positions/velocities (likely stale rows from a prior buggy run).
  experiments = load_trajectories(csv_path, run_id=run_id)
/home/azureuser/bench/DiscoverPhysics/ScienceAgent/scienceagent/mse_fitting.py:165: UserWarning: skipping experiment '20260815T051107_cc-session__r2__e1': 350/385 (time, particle) cells contain NaN values in positions/velocities (likely stale rows from a prior buggy run).
  experiments = load_trajectories(csv_path, run_id=run_id)
/home/azureuser/bench/DiscoverPhysics/ScienceAgent/scienceagent/mse_fitting.py:165: UserWarning: skipping experiment '20260815T051107_cc-session__r2__e2': 350/385 (time, particle) cells contain NaN values in positions/velocities (likely stale rows from a prior buggy run).
  experiments = load_trajectories(csv_path, run_id=run_id)
/home/azureuser/bench/DiscoverPhysics/ScienceAgent/scienceagent/mse_fitting.py:165: UserWarning: skipping experiment '20260815T051107_cc-session__r2__e3': 350/385 (time, particle) cells contain NaN values in positions/velocities (likely stale rows from a prior buggy run).
  experiments = load_trajectories(csv_path, run_id=run_id)
/home/azureuser/bench/DiscoverPhysics/ScienceAgent/scienceagent/mse_fitting.py:165: UserWarning: skipping experiment '20260815T051107_cc-session__r2__e4': 350/385 (time, particle) cells contain NaN values in positions/velocities (likely stale rows from a prior buggy run).
  experiments = load_trajectories(csv_path, run_id=run_id)
/home/azureuser/bench/DiscoverPhysics/ScienceAgent/scienceagent/mse_fitting.py:165: UserWarning: skipping experiment '20260815T051107_cc-session__r2__e5': 350/385 (time, particle) cells contain NaN values in positions/velocities (likely stale rows from a prior buggy run).
  experiments = load_trajectories(csv_path, run_id=run_id)
/home/azureuser/bench/DiscoverPhysics/ScienceAgent/scienceagent/mse_fitting.py:165: UserWarning: skipping experiment '20260815T051107_cc-session__r2__e6': 350/385 (time, particle) cells contain NaN values in positions/velocities (likely stale rows from a prior buggy run).
  experiments = load_trajectories(csv_path, run_id=run_id)
/home/azureuser/bench/DiscoverPhysics/ScienceAgent/scienceagent/mse_fitting.py:165: UserWarning: skipping experiment '20260815T051107_cc-session__r2__e7': 350/385 (time, particle) cells contain NaN values in positions/velocities (likely stale rows from a prior buggy run).
  experiments = load_trajectories(csv_path, run_id=run_id)
World : three_species
Engine: nbody
Model : cc-session
Noise : Gaussian σ=0.401912 on positions, seed=0

Trajectory CSV: /home/azureuser/bench/DiscoverPhysics/results/trajectories/three_species.csv  (run_id=20260815T051107_cc-session)  [auto-removed on exit]

====================================================
󰙨 󰧑  science agent experimenting at round 1/16 󰧑  󰙨
====================================================

[Science Agent]
<run_experiment>
[
  {
    "probe_positions": [[5,0],[0,5],[-5,0],[0,-5],[7,7]],
    "probe_velocities": [[0,0],[0,0],[0,0],[0,0],[0,0]],
    "measurement_times": [0.1,0.2,0.5,1.0,2.0,4.0,6.0,8.0,9.0,10.0],
    "duration": 10.0
  },
  {
    "probe_positions": [[2,1],[2,1],[2,1],[2,1],[2,1]],
    "probe_velocities": [[0,0],[1,0],[-1,0],[0,1],[0,-1]],
    "measurement_times": [0.1,0.2,0.5,1.0,2.0,4.0,6.0,8.0,9.0,10.0],
    "duration": 10.0
  },
  {
    "probe_positions": [[-10,-10],[-10,10],[10,-10],[10,10],[0,0]],
    "probe_velocities": [[0,0],[0,0],[0,0],[0,0],[0,0]],
    "measurement_times": [0.1,0.2,0.5,1.0,2.0,4.0,6.0,8.0,9.0,10.0],
    "duration": 10.0
  },
  {
    "probe_positions": [[8,3],[8,3],[8,3],[8,3],[8,3]],
    "probe_velocities": [[0,0],[0.5,0],[-0.5,0],[0,0.5],[0,-0.5]],
    "measurement_times": [0.1,0.2,0.5,1.0,2.0,4.0,6.0,8.0,9.0,10.0],
    "duration": 10.0
  }
]
</run_experiment>

====================================================
󰙨 󰧑  science agent experimenting at round 2/16 󰧑  󰙨
====================================================

[Science Agent]
The substantial observation noise and lack of a fitted candidate mean I will use co-located replicate probes and dense early-time sampling to estimate the deterministic acceleration field before choosing a force law.

<run_experiment>
[
  {
    "probe_positions": [[0,0],[0,0],[0,0],[0,0],[0,0]],
    "probe_velocities": [[0,0],[0,0],[0,0],[0,0],[0,0]],
    "measurement_times": [0.01,0.03,0.1,0.3,0.7,1.0,2.0,4.0,7.0,10.0],
    "duration": 10.0
  },
  {
    "probe_positions": [[5,0],[5,0],[5,0],[5,0],[5,0]],
    "probe_velocities": [[0,0],[0,0],[0,0],[0,0],[0,0]],
    "measurement_times": [0.01,0.03,0.1,0.3,0.7,1.0,2.0,4.0,7.0,10.0],
    "duration": 10.0
  },
  {
    "probe_positions": [[-5,0],[-5,0],[-5,0],[-5,0],[-5,0]],
    "probe_velocities": [[0,0],[0,0],[0,0],[0,0],[0,0]],
    "measurement_times": [0.01,0.03,0.1,0.3,0.7,1.0,2.0,4.0,7.0,10.0],
    "duration": 10.0
  },
  {
    "probe_positions": [[0,5],[0,5],[0,5],[0,5],[0,5]],
    "probe_velocities": [[0,0],[0,0],[0,0],[0,0],[0,0]],
    "measurement_times": [0.01,0.03,0.1,0.3,0.7,1.0,2.0,4.0,7.0,10.0],
    "duration": 10.0
  },
  {
    "probe_positions": [[0,-5],[0,-5],[0,-5],[0,-5],[0,-5]],
    "probe_velocities": [[0,0],[0,0],[0,0],[0,0],[0,0]],
    "measurement_times": [0.01,0.03,0.1,0.3,0.7,1.0,2.0,4.0,7.0,10.0],
    "duration": 10.0
  },
  {
    "probe_positions": [[10,10],[10,10],[10,10],[10,10],[10,10]],
    "probe_velocities": [[0,0],[0,0],[0,0],[0,0],[0,0]],
    "measurement_times": [0.01,0.03,0.1,0.3,0.7,1.0,2.0,4.0,7.0,10.0],
    "duration": 10.0
  },
  {
    "probe_positions": [[-10,10],[-10,10],[-10,10],[-10,10],[-10,10]],
    "probe_velocities": [[0,0],[0,0],[0,0],[0,0],[0,0]],
    "measurement_times": [0.01,0.03,0.1,0.3,0.7,1.0,2.0,4.0,7.0,10.0],
    "duration": 10.0
  },
  {
    "probe_positions": [[10,-10],[10,-10],[10,-10],[10,-10],[10,-10]],
    "probe_velocities": [[0,0],[0,0],[0,0],[0,0],[0,0]],
    "measurement_times": [0.01,0.03,0.1,0.3,0.7,1.0,2.0,4.0,7.0,10.0],
    "duration": 10.0
  }
]
</run_experiment>

====================================================
󰙨 󰧑  science agent experimenting at round 3/16 󰧑  󰙨
====================================================

[Science Agent]
The co-located probes triggered a singular numerical path, so I will discard that round’s invalid values, keep probes separated, and obtain replication through identical experiment cases while testing a softened pairwise power-law field.

<run_experiment>
[
  {
    "probe_positions": [[0,0],[5,0],[-5,0],[0,5],[0,-5]],
    "probe_velocities": [[0,0],[0,0],[0,0],[0,0],[0,0]],
    "measurement_times": [0.1,0.2,0.5,1.0,2.0,3.0,4.0,6.0,8.0,10.0],
    "duration": 10.0
  },
  {
    "probe_positions": [[0,0],[5,0],[-5,0],[0,5],[0,-5]],
    "probe_velocities": [[0,0],[0,0],[0,0],[0,0],[0,0]],
    "measurement_times": [0.1,0.2,0.5,1.0,2.0,3.0,4.0,6.0,8.0,10.0],
    "duration": 10.0
  },
  {
    "probe_positions": [[0,0],[5,0],[-5,0],[0,5],[0,-5]],
    "probe_velocities": [[0,0],[0,0],[0,0],[0,0],[0,0]],
    "measurement_times": [0.1,0.2,0.5,1.0,2.0,3.0,4.0,6.0,8.0,10.0],
    "duration": 10.0
  },
  {
    "probe_positions": [[0,0],[5,0],[-5,0],[0,5],[0,-5]],
    "probe_velocities": [[0,0],[0,0],[0,0],[0,0],[0,0]],
    "measurement_times": [0.1,0.2,0.5,1.0,2.0,3.0,4.0,6.0,8.0,10.0],
    "duration": 10.0
  },
  {
    "probe_positions": [[0,0],[5,0],[-5,0],[0,5],[0,-5]],
    "probe_velocities": [[0,0],[0,0],[0,0],[0,0],[0,0]],
    "measurement_times": [0.1,0.2,0.5,1.0,2.0,3.0,4.0,6.0,8.0,10.0],
    "duration": 10.0
  },
  {
    "probe_positions": [[0,0],[5,0],[-5,0],[0,5],[0,-5]],
    "probe_velocities": [[0,0],[0,0],[0,0],[0,0],[0,0]],
    "measurement_times": [0.1,0.2,0.5,1.0,2.0,3.0,4.0,6.0,8.0,10.0],
    "duration": 10.0
  }
]
</run_experiment>

<run_mse_fit>
def discovered_law(positions, velocities, duration, **params):
    import numpy as np
    from scipy.integrate import solve_ivp
    p = np.asarray(positions, dtype=float)
    v = np.asarray(velocities, dtype=float)
    n = len(p)
    nb = n - 5
    G = params.get("G", 0.05)
    exponent = params.get("exponent", 2.0)
    softening = params.get("softening", 0.5)
    y0 = np.concatenate((p.ravel(), v.ravel()))
    def rhs(t, y):
        x = y[:2*n].reshape(n, 2)
        u = y[2*n:].reshape(n, 2)
        d = x[:nb][None, :, :] - x[:, None, :]
        r2 = np.sum(d*d, axis=2) + softening*softening
        if nb:
            r2[np.arange(nb), np.arange(nb)] = np.inf
        a = G * np.sum(d / r2[:, :, None]**((exponent + 1.0)/2.0), axis=1)
        return np.concatenate((u.ravel(), a.ravel()))
    sol = solve_ivp(rhs, (0.0, duration), y0, method="RK45", rtol=1e-4, atol=1e-4)
    return sol.y[:2*n, -1].reshape(n, 2).tolist()

def fit_parameters():
    return {
        "G": {"init": 0.05, "bounds": [0.001, 1.0]},
        "exponent": {"init": 2.0, "bounds": [0.2, 4.0]},
        "softening": {"init": 0.5, "bounds": [0.02, 3.0]}
    }
</run_mse_fit>
  [fit time budget 180s exceeded; using best-so-far params (loss=19.63)]
[mse_fit] loss 35.36 -> 19.63  fitted: G=0.5961, exponent=1.861, softening=0.7287

====================================================
󰙨 󰧑  science agent experimenting at round 4/16 󰧑  󰙨
====================================================

[Science Agent]
The NaN-contaminated cases make the aggregate residual diagnostic unusable, while the valid-case fit is far above the noise scale; I will therefore test whether the missing structure is species-dependent source and response charge rather than collect more redundant trajectories.

<run_mse_fit>
def discovered_law(positions, velocities, duration, **params):
    import numpy as np
    from scipy.integrate import solve_ivp
    p = np.asarray(positions, dtype=float)
    v = np.asarray(velocities, dtype=float)
    n = len(p)
    nb = n - 5
    G = params.get("G", 0.6)
    exponent = params.get("exponent", 1.86)
    q1 = params.get("q1", 1.0)
    q2 = params.get("q2", 1.0)
    qb = np.ones(nb)
    qb[nb//3:2*nb//3] = q1
    qb[2*nb//3:] = q2
    response = np.concatenate((qb, np.ones(5)))
    source = qb
    y0 = np.concatenate((p.ravel(), v.ravel()))
    def rhs(t, y):
        x = y[:2*n].reshape(n, 2)
        u = y[2*n:].reshape(n, 2)
        d = x[:nb][None, :, :] - x[:, None, :]
        r2 = np.sum(d*d, axis=2) + 0.49
        if nb:
            r2[np.arange(nb), np.arange(nb)] = np.inf
        field = np.sum(source[None, :, None] * d / r2[:, :, None]**((exponent + 1.0)/2.0), axis=1)
        a = G * response[:, None] * field
        return np.concatenate((u.ravel(), a.ravel()))
    sol = solve_ivp(rhs, (0.0, duration), y0, method="RK45", rtol=1e-4, atol=1e-4)
    return sol.y[:2*n, -1].reshape(n, 2).tolist()

def fit_parameters():
    return {
        "G": {"init": 0.6, "bounds": [0.001, 3.0]},
        "exponent": {"init": 1.86, "bounds": [0.2, 4.0]},
        "q1": {"init": 1.0, "bounds": [-3.0, 3.0]},
        "q2": {"init": 1.0, "bounds": [-3.0, 3.0]}
    }
</run_mse_fit>/home/azureuser/bench/DiscoverPhysics/ScienceAgent/scienceagent/mse_fitting.py:165: UserWarning: skipping experiment '20260815T051107_cc-session__r2__e0': 350/385 (time, particle) cells contain NaN values in positions/velocities (likely stale rows from a prior buggy run).
  experiments = load_trajectories(csv_path, run_id=run_id)
/home/azureuser/bench/DiscoverPhysics/ScienceAgent/scienceagent/mse_fitting.py:165: UserWarning: skipping experiment '20260815T051107_cc-session__r2__e1': 350/385 (time, particle) cells contain NaN values in positions/velocities (likely stale rows from a prior buggy run).
  experiments = load_trajectories(csv_path, run_id=run_id)
/home/azureuser/bench/DiscoverPhysics/ScienceAgent/scienceagent/mse_fitting.py:165: UserWarning: skipping experiment '20260815T051107_cc-session__r2__e2': 350/385 (time, particle) cells contain NaN values in positions/velocities (likely stale rows from a prior buggy run).
  experiments = load_trajectories(csv_path, run_id=run_id)
/home/azureuser/bench/DiscoverPhysics/ScienceAgent/scienceagent/mse_fitting.py:165: UserWarning: skipping experiment '20260815T051107_cc-session__r2__e3': 350/385 (time, particle) cells contain NaN values in positions/velocities (likely stale rows from a prior buggy run).
  experiments = load_trajectories(csv_path, run_id=run_id)
/home/azureuser/bench/DiscoverPhysics/ScienceAgent/scienceagent/mse_fitting.py:165: UserWarning: skipping experiment '20260815T051107_cc-session__r2__e4': 350/385 (time, particle) cells contain NaN values in positions/velocities (likely stale rows from a prior buggy run).
  experiments = load_trajectories(csv_path, run_id=run_id)
/home/azureuser/bench/DiscoverPhysics/ScienceAgent/scienceagent/mse_fitting.py:165: UserWarning: skipping experiment '20260815T051107_cc-session__r2__e5': 350/385 (time, particle) cells contain NaN values in positions/velocities (likely stale rows from a prior buggy run).
  experiments = load_trajectories(csv_path, run_id=run_id)
/home/azureuser/bench/DiscoverPhysics/ScienceAgent/scienceagent/mse_fitting.py:165: UserWarning: skipping experiment '20260815T051107_cc-session__r2__e6': 350/385 (time, particle) cells contain NaN values in positions/velocities (likely stale rows from a prior buggy run).
  experiments = load_trajectories(csv_path, run_id=run_id)
/home/azureuser/bench/DiscoverPhysics/ScienceAgent/scienceagent/mse_fitting.py:165: UserWarning: skipping experiment '20260815T051107_cc-session__r2__e7': 350/385 (time, particle) cells contain NaN values in positions/velocities (likely stale rows from a prior buggy run).
  experiments = load_trajectories(csv_path, run_id=run_id)
/home/azureuser/bench/DiscoverPhysics/ScienceAgent/scienceagent/mse_fitting.py:165: UserWarning: skipping experiment '20260815T051107_cc-session__r2__e0': 350/385 (time, particle) cells contain NaN values in positions/velocities (likely stale rows from a prior buggy run).
  experiments = load_trajectories(csv_path, run_id=run_id)
/home/azureuser/bench/DiscoverPhysics/ScienceAgent/scienceagent/mse_fitting.py:165: UserWarning: skipping experiment '20260815T051107_cc-session__r2__e1': 350/385 (time, particle) cells contain NaN values in positions/velocities (likely stale rows from a prior buggy run).
  experiments = load_trajectories(csv_path, run_id=run_id)
/home/azureuser/bench/DiscoverPhysics/ScienceAgent/scienceagent/mse_fitting.py:165: UserWarning: skipping experiment '20260815T051107_cc-session__r2__e2': 350/385 (time, particle) cells contain NaN values in positions/velocities (likely stale rows from a prior buggy run).
  experiments = load_trajectories(csv_path, run_id=run_id)
/home/azureuser/bench/DiscoverPhysics/ScienceAgent/scienceagent/mse_fitting.py:165: UserWarning: skipping experiment '20260815T051107_cc-session__r2__e3': 350/385 (time, particle) cells contain NaN values in positions/velocities (likely stale rows from a prior buggy run).
  experiments = load_trajectories(csv_path, run_id=run_id)
/home/azureuser/bench/DiscoverPhysics/ScienceAgent/scienceagent/mse_fitting.py:165: UserWarning: skipping experiment '20260815T051107_cc-session__r2__e4': 350/385 (time, particle) cells contain NaN values in positions/velocities (likely stale rows from a prior buggy run).
  experiments = load_trajectories(csv_path, run_id=run_id)
/home/azureuser/bench/DiscoverPhysics/ScienceAgent/scienceagent/mse_fitting.py:165: UserWarning: skipping experiment '20260815T051107_cc-session__r2__e5': 350/385 (time, particle) cells contain NaN values in positions/velocities (likely stale rows from a prior buggy run).
  experiments = load_trajectories(csv_path, run_id=run_id)
/home/azureuser/bench/DiscoverPhysics/ScienceAgent/scienceagent/mse_fitting.py:165: UserWarning: skipping experiment '20260815T051107_cc-session__r2__e6': 350/385 (time, particle) cells contain NaN values in positions/velocities (likely stale rows from a prior buggy run).
  experiments = load_trajectories(csv_path, run_id=run_id)
/home/azureuser/bench/DiscoverPhysics/ScienceAgent/scienceagent/mse_fitting.py:165: UserWarning: skipping experiment '20260815T051107_cc-session__r2__e7': 350/385 (time, particle) cells contain NaN values in positions/velocities (likely stale rows from a prior buggy run).
  experiments = load_trajectories(csv_path, run_id=run_id)
/home/azureuser/bench/DiscoverPhysics/ScienceAgent/scienceagent/mse_fitting.py:165: UserWarning: skipping experiment '20260815T051107_cc-session__r2__e0': 350/385 (time, particle) cells contain NaN values in positions/velocities (likely stale rows from a prior buggy run).
  experiments = load_trajectories(csv_path, run_id=run_id)
/home/azureuser/bench/DiscoverPhysics/ScienceAgent/scienceagent/mse_fitting.py:165: UserWarning: skipping experiment '20260815T051107_cc-session__r2__e1': 350/385 (time, particle) cells contain NaN values in positions/velocities (likely stale rows from a prior buggy run).
  experiments = load_trajectories(csv_path, run_id=run_id)
/home/azureuser/bench/DiscoverPhysics/ScienceAgent/scienceagent/mse_fitting.py:165: UserWarning: skipping experiment '20260815T051107_cc-session__r2__e2': 350/385 (time, particle) cells contain NaN values in positions/velocities (likely stale rows from a prior buggy run).
  experiments = load_trajectories(csv_path, run_id=run_id)
/home/azureuser/bench/DiscoverPhysics/ScienceAgent/scienceagent/mse_fitting.py:165: UserWarning: skipping experiment '20260815T051107_cc-session__r2__e3': 350/385 (time, particle) cells contain NaN values in positions/velocities (likely stale rows from a prior buggy run).
  experiments = load_trajectories(csv_path, run_id=run_id)
/home/azureuser/bench/DiscoverPhysics/ScienceAgent/scienceagent/mse_fitting.py:165: UserWarning: skipping experiment '20260815T051107_cc-session__r2__e4': 350/385 (time, particle) cells contain NaN values in positions/velocities (likely stale rows from a prior buggy run).
  experiments = load_trajectories(csv_path, run_id=run_id)
/home/azureuser/bench/DiscoverPhysics/ScienceAgent/scienceagent/mse_fitting.py:165: UserWarning: skipping experiment '20260815T051107_cc-session__r2__e5': 350/385 (time, particle) cells contain NaN values in positions/velocities (likely stale rows from a prior buggy run).
  experiments = load_trajectories(csv_path, run_id=run_id)
/home/azureuser/bench/DiscoverPhysics/ScienceAgent/scienceagent/mse_fitting.py:165: UserWarning: skipping experiment '20260815T051107_cc-session__r2__e6': 350/385 (time, particle) cells contain NaN values in positions/velocities (likely stale rows from a prior buggy run).
  experiments = load_trajectories(csv_path, run_id=run_id)
/home/azureuser/bench/DiscoverPhysics/ScienceAgent/scienceagent/mse_fitting.py:165: UserWarning: skipping experiment '20260815T051107_cc-session__r2__e7': 350/385 (time, particle) cells contain NaN values in positions/velocities (likely stale rows from a prior buggy run).
  experiments = load_trajectories(csv_path, run_id=run_id)
/home/azureuser/bench/DiscoverPhysics/ScienceAgent/scienceagent/mse_fitting.py:165: UserWarning: skipping experiment '20260815T051107_cc-session__r2__e0': 350/385 (time, particle) cells contain NaN values in positions/velocities (likely stale rows from a prior buggy run).
  experiments = load_trajectories(csv_path, run_id=run_id)
/home/azureuser/bench/DiscoverPhysics/ScienceAgent/scienceagent/mse_fitting.py:165: UserWarning: skipping experiment '20260815T051107_cc-session__r2__e1': 350/385 (time, particle) cells contain NaN values in positions/velocities (likely stale rows from a prior buggy run).
  experiments = load_trajectories(csv_path, run_id=run_id)
/home/azureuser/bench/DiscoverPhysics/ScienceAgent/scienceagent/mse_fitting.py:165: UserWarning: skipping experiment '20260815T051107_cc-session__r2__e2': 350/385 (time, particle) cells contain NaN values in positions/velocities (likely stale rows from a prior buggy run).
  experiments = load_trajectories(csv_path, run_id=run_id)
/home/azureuser/bench/DiscoverPhysics/ScienceAgent/scienceagent/mse_fitting.py:165: UserWarning: skipping experiment '20260815T051107_cc-session__r2__e3': 350/385 (time, particle) cells contain NaN values in positions/velocities (likely stale rows from a prior buggy run).
  experiments = load_trajectories(csv_path, run_id=run_id)
/home/azureuser/bench/DiscoverPhysics/ScienceAgent/scienceagent/mse_fitting.py:165: UserWarning: skipping experiment '20260815T051107_cc-session__r2__e4': 350/385 (time, particle) cells contain NaN values in positions/velocities (likely stale rows from a prior buggy run).
  experiments = load_trajectories(csv_path, run_id=run_id)
/home/azureuser/bench/DiscoverPhysics/ScienceAgent/scienceagent/mse_fitting.py:165: UserWarning: skipping experiment '20260815T051107_cc-session__r2__e5': 350/385 (time, particle) cells contain NaN values in positions/velocities (likely stale rows from a prior buggy run).
  experiments = load_trajectories(csv_path, run_id=run_id)
/home/azureuser/bench/DiscoverPhysics/ScienceAgent/scienceagent/mse_fitting.py:165: UserWarning: skipping experiment '20260815T051107_cc-session__r2__e6': 350/385 (time, particle) cells contain NaN values in positions/velocities (likely stale rows from a prior buggy run).
  experiments = load_trajectories(csv_path, run_id=run_id)
/home/azureuser/bench/DiscoverPhysics/ScienceAgent/scienceagent/mse_fitting.py:165: UserWarning: skipping experiment '20260815T051107_cc-session__r2__e7': 350/385 (time, particle) cells contain NaN values in positions/velocities (likely stale rows from a prior buggy run).
  experiments = load_trajectories(csv_path, run_id=run_id)
/home/azureuser/bench/DiscoverPhysics/ScienceAgent/scienceagent/mse_fitting.py:165: UserWarning: skipping experiment '20260815T051107_cc-session__r2__e0': 350/385 (time, particle) cells contain NaN values in positions/velocities (likely stale rows from a prior buggy run).
  experiments = load_trajectories(csv_path, run_id=run_id)
/home/azureuser/bench/DiscoverPhysics/ScienceAgent/scienceagent/mse_fitting.py:165: UserWarning: skipping experiment '20260815T051107_cc-session__r2__e1': 350/385 (time, particle) cells contain NaN values in positions/velocities (likely stale rows from a prior buggy run).
  experiments = load_trajectories(csv_path, run_id=run_id)
/home/azureuser/bench/DiscoverPhysics/ScienceAgent/scienceagent/mse_fitting.py:165: UserWarning: skipping experiment '20260815T051107_cc-session__r2__e2': 350/385 (time, particle) cells contain NaN values in positions/velocities (likely stale rows from a prior buggy run).
  experiments = load_trajectories(csv_path, run_id=run_id)
/home/azureuser/bench/DiscoverPhysics/ScienceAgent/scienceagent/mse_fitting.py:165: UserWarning: skipping experiment '20260815T051107_cc-session__r2__e3': 350/385 (time, particle) cells contain NaN values in positions/velocities (likely stale rows from a prior buggy run).
  experiments = load_trajectories(csv_path, run_id=run_id)
/home/azureuser/bench/DiscoverPhysics/ScienceAgent/scienceagent/mse_fitting.py:165: UserWarning: skipping experiment '20260815T051107_cc-session__r2__e4': 350/385 (time, particle) cells contain NaN values in positions/velocities (likely stale rows from a prior buggy run).
  experiments = load_trajectories(csv_path, run_id=run_id)
/home/azureuser/bench/DiscoverPhysics/ScienceAgent/scienceagent/mse_fitting.py:165: UserWarning: skipping experiment '20260815T051107_cc-session__r2__e5': 350/385 (time, particle) cells contain NaN values in positions/velocities (likely stale rows from a prior buggy run).
  experiments = load_trajectories(csv_path, run_id=run_id)
/home/azureuser/bench/DiscoverPhysics/ScienceAgent/scienceagent/mse_fitting.py:165: UserWarning: skipping experiment '20260815T051107_cc-session__r2__e6': 350/385 (time, particle) cells contain NaN values in positions/velocities (likely stale rows from a prior buggy run).
  experiments = load_trajectories(csv_path, run_id=run_id)
/home/azureuser/bench/DiscoverPhysics/ScienceAgent/scienceagent/mse_fitting.py:165: UserWarning: skipping experiment '20260815T051107_cc-session__r2__e7': 350/385 (time, particle) cells contain NaN values in positions/velocities (likely stale rows from a prior buggy run).
  experiments = load_trajectories(csv_path, run_id=run_id)

[mse_fit] loss 19.65 -> 18.93  fitted: G=0.424, exponent=1.716, q1=1.317, q2=0.6155

====================================================
󰙨 󰧑  science agent experimenting at round 5/16 󰧑  󰙨
====================================================

[Science Agent]
The small improvement from contiguous species charges is insufficient, so I will test the equally plausible interleaved species assignment before rejecting charge-mediated pair forces more broadly.

<run_mse_fit>
def discovered_law(positions, velocities, duration, **params):
    import numpy as np
    from scipy.integrate import solve_ivp
    p = np.asarray(positions, dtype=float)
    v = np.asarray(velocities, dtype=float)
    n = len(p)
    nb = n - 5
    G = params.get("G", 0.6)
    exponent = params.get("exponent", 1.86)
    q1 = params.get("q1", 1.0)
    q2 = params.get("q2", 1.0)
    qb = np.ones(nb)
    qb[np.arange(nb) % 3 == 1] = q1
    qb[np.arange(nb) % 3 == 2] = q2
    response = np.concatenate((qb, np.ones(5)))
    y0 = np.concatenate((p.ravel(), v.ravel()))
    def rhs(t, y):
        x = y[:2*n].reshape(n, 2)
        u = y[2*n:].reshape(n, 2)
        d = x[:nb][None, :, :] - x[:, None, :]
        r2 = np.sum(d*d, axis=2) + 0.49
        if nb:
            r2[np.arange(nb), np.arange(nb)] = np.inf
        field = np.sum(qb[None, :, None] * d / r2[:, :, None]**((exponent + 1.0)/2.0), axis=1)
        a = G * response[:, None] * field
        return np.concatenate((u.ravel(), a.ravel()))
    sol = solve_ivp(rhs, (0.0, duration), y0, method="RK45", rtol=1e-4, atol=1e-4)
    return sol.y[:2*n, -1].reshape(n, 2).tolist()

def fit_parameters():
    return {
        "G": {"init": 0.6, "bounds": [0.001, 3.0]},
        "exponent": {"init": 1.86, "bounds": [0.2, 4.0]},
        "q1": {"init": 1.0, "bounds": [-3.0, 3.0]},
        "q2": {"init": 1.0, "bounds": [-3.0, 3.0]}
    }
</run_mse_fit>
[mse_fit] loss 19.65 -> 19.64  fitted: G=0.596, exponent=1.865, q1=0.9995, q2=0.9982

====================================================
󰙨 󰧑  science agent experimenting at round 6/16 󰧑  󰙨
====================================================

[Science Agent]
The interleaved-charge fit collapses back to a single universal species, so I will retain contiguous indexing but separate field-source strength from response strength to test whether species alter only the background-generated field.

<run_mse_fit>
def discovered_law(positions, velocities, duration, **params):
    import numpy as np
    from scipy.integrate import solve_ivp
    p = np.asarray(positions, dtype=float)
    v = np.asarray(velocities, dtype=float)
    n = len(p)
    nb = n - 5
    G = params.get("G", 0.6)
    exponent = params.get("exponent", 1.86)
    s1 = params.get("s1", 1.0)
    s2 = params.get("s2", 1.0)
    source = np.ones(nb)
    source[nb//3:2*nb//3] = s1
    source[2*nb//3:] = s2
    y0 = np.concatenate((p.ravel(), v.ravel()))
    def rhs(t, y):
        x = y[:2*n].reshape(n, 2)
        u = y[2*n:].reshape(n, 2)
        d = x[:nb][None, :, :] - x[:, None, :]
        r2 = np.sum(d*d, axis=2) + 0.49
        if nb:
            r2[np.arange(nb), np.arange(nb)] = np.inf
        a = G * np.sum(source[None, :, None] * d / r2[:, :, None]**((exponent + 1.0)/2.0), axis=1)
        return np.concatenate((u.ravel(), a.ravel()))
    sol = solve_ivp(rhs, (0.0, duration), y0, method="RK45", rtol=1e-4, atol=1e-4)
    return sol.y[:2*n, -1].reshape(n, 2).tolist()

def fit_parameters():
    return {
        "G": {"init": 0.6, "bounds": [0.001, 3.0]},
        "exponent": {"init": 1.86, "bounds": [0.2, 4.0]},
        "s1": {"init": 1.0, "bounds": [-3.0, 3.0]},
        "s2": {"init": 1.0, "bounds": [-3.0, 3.0]}
    }
</run_mse_fit>
[mse_fit] loss 19.65 -> 3.516  fitted: G=0.2481, exponent=1.291, s1=2.982, s2=-2.189

====================================================
󰙨 󰧑  science agent experimenting at round 7/16 󰧑  󰙨
====================================================

[Science Agent]
The large loss reduction and fitted source strengths near simple signed ratios strongly support three contiguous source species with a common response, so I will now free the short-range regularization and refine that functional form.

<run_mse_fit>
def discovered_law(positions, velocities, duration, **params):
    import numpy as np
    from scipy.integrate import solve_ivp
    p = np.asarray(positions, dtype=float)
    v = np.asarray(velocities, dtype=float)
    n = len(p)
    nb = n - 5
    G = params.get("G", 0.248)
    exponent = params.get("exponent", 1.29)
    s1 = params.get("s1", 3.0)
    s2 = params.get("s2", -2.19)
    softening = params.get("softening", 0.7)
    source = np.ones(nb)
    source[nb//3:2*nb//3] = s1
    source[2*nb//3:] = s2
    y0 = np.concatenate((p.ravel(), v.ravel()))
    def rhs(t, y):
        x = y[:2*n].reshape(n, 2)
        u = y[2*n:].reshape(n, 2)
        d = x[:nb][None, :, :] - x[:, None, :]
        r2 = np.sum(d*d, axis=2) + softening*softening
        if nb:
            r2[np.arange(nb), np.arange(nb)] = np.inf
        a = G * np.sum(source[None, :, None] * d / r2[:, :, None]**((exponent + 1.0)/2.0), axis=1)
        return np.concatenate((u.ravel(), a.ravel()))
    sol = solve_ivp(rhs, (0.0, duration), y0, method="RK45", rtol=1e-4, atol=1e-4)
    return sol.y[:2*n, -1].reshape(n, 2).tolist()

def fit_parameters():
    return {
        "G": {"init": 0.248, "bounds": [0.01, 1.5]},
        "exponent": {"init": 1.29, "bounds": [0.2, 3.0]},
        "s1": {"init": 3.0, "bounds": [0.5, 6.0]},
        "s2": {"init": -2.19, "bounds": [-6.0, -0.2]},
        "softening": {"init": 0.7, "bounds": [0.02, 3.0]}
    }
</run_mse_fit>
  [fit time budget 180s exceeded; using best-so-far params (loss=1.763)]
[mse_fit] loss 3.518 -> 1.763  fitted: G=0.1053, exponent=0.8192, s1=3.018, s2=-2.105, softening=0.1097

====================================================
󰙨 󰧑  science agent experimenting at round 8/16 󰧑  󰙨
====================================================

[Science Agent]
The refined values converge toward the simple 2D inverse-distance field with source ratios \(1:3:-2\), negligible softening, and coupling near \(0.1\); I will lock the species ratios and fit only the radial law to test that interpretation cleanly.

<run_mse_fit>
def discovered_law(positions, velocities, duration, **params):
    import numpy as np
    from scipy.integrate import solve_ivp
    p = np.asarray(positions, dtype=float)
    v = np.asarray(velocities, dtype=float)
    n = len(p)
    nb = n - 5
    G = params.get("G", 0.1)
    exponent = params.get("exponent", 1.0)
    softening = params.get("softening", 0.05)
    source = np.ones(nb)
    source[nb//3:2*nb//3] = 3.0
    source[2*nb//3:] = -2.0
    y0 = np.concatenate((p.ravel(), v.ravel()))
    def rhs(t, y):
        x = y[:2*n].reshape(n, 2)
        u = y[2*n:].reshape(n, 2)
        d = x[:nb][None, :, :] - x[:, None, :]
        r2 = np.sum(d*d, axis=2) + softening*softening
        if nb:
            r2[np.arange(nb), np.arange(nb)] = np.inf
        a = G * np.sum(source[None, :, None] * d / r2[:, :, None]**((exponent + 1.0)/2.0), axis=1)
        return np.concatenate((u.ravel(), a.ravel()))
    sol = solve_ivp(rhs, (0.0, duration), y0, method="RK45", rtol=1e-5, atol=1e-6)
    return sol.y[:2*n, -1].reshape(n, 2).tolist()

def fit_parameters():
    return {
        "G": {"init": 0.1, "bounds": [0.03, 0.3]},
        "exponent": {"init": 1.0, "bounds": [0.5, 1.5]},
        "softening": {"init": 0.05, "bounds": [0.001, 0.8]}
    }
</run_mse_fit>
  [fit time budget 180s exceeded; using best-so-far params (loss=0.6193)]
[mse_fit] loss 4.417 -> 0.6193  fitted: G=0.15, exponent=0.9757, softening=0.07865

====================================================
󰙨 󰧑  science agent experimenting at round 9/16 󰧑  󰙨
====================================================

[Science Agent]
The radial fit now identifies an almost exact inverse-distance field with coupling \(0.15\), but its residual remains modestly above the observation floor; I will validate it on independent, faster probes and a longer horizon to test both velocity independence and accumulated integration error.

<run_experiment>
[
  {
    "probe_positions": [[-12,-7],[-7,11],[3,-12],[11,4],[2,7]],
    "probe_velocities": [[2,0],[-2,0],[0,2],[0,-2],[1.4,-1.4]],
    "measurement_times": [1,2,3,4,5,6,7,8,9,10],
    "duration": 10
  },
  {
    "probe_positions": [[-13,8],[-8,-12],[6,12],[13,-3],[-2,3]],
    "probe_velocities": [[-1.5,0.5],[1.5,-0.5],[-0.5,-1.5],[0.5,1.5],[2,0]],
    "measurement_times": [1,2,3,4,5,6,7,8,9,10],
    "duration": 10
  },
  {
    "probe_positions": [[-11,2],[-3,13],[8,-11],[12,9],[4,4]],
    "probe_velocities": [[0.7,1.8],[-1.8,0.7],[1.8,-0.7],[-0.7,-1.8],[-1.2,1.2]],
    "measurement_times": [1,2,4,6,8,10,12,14,17,20],
    "duration": 20
  },
  {
    "probe_positions": [[-14,-2],[-5,-13],[10,-8],[14,6],[-1,8]],
    "probe_velocities": [[1,1],[-1,1],[1,-1],[-1,-1],[0,-2]],
    "measurement_times": [1,2,4,6,8,10,12,14,17,20],
    "duration": 20
  },
  {
    "probe_positions": [[-9,-9],[-9,9],[9,-9],[9,9],[1,-2]],
    "probe_velocities": [[0.3,-0.8],[-0.8,-0.3],[0.8,0.3],[-0.3,0.8],[-2,1]],
    "measurement_times": [1,2,3,4,5,6,7,8,9,10],
    "duration": 10
  }
]
</run_experiment>

<run_mse_fit>
def discovered_law(positions, velocities, duration, **params):
    import numpy as np
    from scipy.integrate import solve_ivp
    p = np.asarray(positions, dtype=float)
    v = np.asarray(velocities, dtype=float)
    n = len(p)
    nb = n - 5
    G = params.get("G", 0.15)
    exponent = params.get("exponent", 1.0)
    softening = params.get("softening", 0.08)
    source = np.ones(nb)
    source[nb//3:2*nb//3] = 3.0
    source[2*nb//3:] = -2.0
    y0 = np.concatenate((p.ravel(), v.ravel()))
    def rhs(t, y):
        x = y[:2*n].reshape(n, 2)
        u = y[2*n:].reshape(n, 2)
        d = x[:nb][None, :, :] - x[:, None, :]
        r2 = np.sum(d*d, axis=2) + softening*softening
        if nb:
            r2[np.arange(nb), np.arange(nb)] = np.inf
        a = G * np.sum(source[None, :, None] * d / r2[:, :, None]**((exponent + 1.0)/2.0), axis=1)
        return np.concatenate((u.ravel(), a.ravel()))
    sol = solve_ivp(rhs, (0.0, duration), y0, method="RK45", rtol=1e-5, atol=1e-6)
    return sol.y[:2*n, -1].reshape(n, 2).tolist()

def fit_parameters():
    return {
        "G": {"init": 0.15, "bounds": [0.08, 0.22]},
        "exponent": {"init": 1.0, "bounds": [0.7, 1.3]},
        "softening": {"init": 0.08, "bounds": [0.001, 0.5]}
    }
</run_mse_fit>/home/azureuser/bench/DiscoverPhysics/ScienceAgent/scienceagent/mse_fitting.py:165: UserWarning: skipping experiment '20260815T051107_cc-session__r2__e0': 350/385 (time, particle) cells contain NaN values in positions/velocities (likely stale rows from a prior buggy run).
  experiments = load_trajectories(csv_path, run_id=run_id)
/home/azureuser/bench/DiscoverPhysics/ScienceAgent/scienceagent/mse_fitting.py:165: UserWarning: skipping experiment '20260815T051107_cc-session__r2__e1': 350/385 (time, particle) cells contain NaN values in positions/velocities (likely stale rows from a prior buggy run).
  experiments = load_trajectories(csv_path, run_id=run_id)
/home/azureuser/bench/DiscoverPhysics/ScienceAgent/scienceagent/mse_fitting.py:165: UserWarning: skipping experiment '20260815T051107_cc-session__r2__e2': 350/385 (time, particle) cells contain NaN values in positions/velocities (likely stale rows from a prior buggy run).
  experiments = load_trajectories(csv_path, run_id=run_id)
/home/azureuser/bench/DiscoverPhysics/ScienceAgent/scienceagent/mse_fitting.py:165: UserWarning: skipping experiment '20260815T051107_cc-session__r2__e3': 350/385 (time, particle) cells contain NaN values in positions/velocities (likely stale rows from a prior buggy run).
  experiments = load_trajectories(csv_path, run_id=run_id)
/home/azureuser/bench/DiscoverPhysics/ScienceAgent/scienceagent/mse_fitting.py:165: UserWarning: skipping experiment '20260815T051107_cc-session__r2__e4': 350/385 (time, particle) cells contain NaN values in positions/velocities (likely stale rows from a prior buggy run).
  experiments = load_trajectories(csv_path, run_id=run_id)
/home/azureuser/bench/DiscoverPhysics/ScienceAgent/scienceagent/mse_fitting.py:165: UserWarning: skipping experiment '20260815T051107_cc-session__r2__e5': 350/385 (time, particle) cells contain NaN values in positions/velocities (likely stale rows from a prior buggy run).
  experiments = load_trajectories(csv_path, run_id=run_id)
/home/azureuser/bench/DiscoverPhysics/ScienceAgent/scienceagent/mse_fitting.py:165: UserWarning: skipping experiment '20260815T051107_cc-session__r2__e6': 350/385 (time, particle) cells contain NaN values in positions/velocities (likely stale rows from a prior buggy run).
  experiments = load_trajectories(csv_path, run_id=run_id)
/home/azureuser/bench/DiscoverPhysics/ScienceAgent/scienceagent/mse_fitting.py:165: UserWarning: skipping experiment '20260815T051107_cc-session__r2__e7': 350/385 (time, particle) cells contain NaN values in positions/velocities (likely stale rows from a prior buggy run).
  experiments = load_trajectories(csv_path, run_id=run_id)
/home/azureuser/bench/DiscoverPhysics/ScienceAgent/scienceagent/mse_fitting.py:165: UserWarning: skipping experiment '20260815T051107_cc-session__r2__e0': 350/385 (time, particle) cells contain NaN values in positions/velocities (likely stale rows from a prior buggy run).
  experiments = load_trajectories(csv_path, run_id=run_id)
/home/azureuser/bench/DiscoverPhysics/ScienceAgent/scienceagent/mse_fitting.py:165: UserWarning: skipping experiment '20260815T051107_cc-session__r2__e1': 350/385 (time, particle) cells contain NaN values in positions/velocities (likely stale rows from a prior buggy run).
  experiments = load_trajectories(csv_path, run_id=run_id)
/home/azureuser/bench/DiscoverPhysics/ScienceAgent/scienceagent/mse_fitting.py:165: UserWarning: skipping experiment '20260815T051107_cc-session__r2__e2': 350/385 (time, particle) cells contain NaN values in positions/velocities (likely stale rows from a prior buggy run).
  experiments = load_trajectories(csv_path, run_id=run_id)
/home/azureuser/bench/DiscoverPhysics/ScienceAgent/scienceagent/mse_fitting.py:165: UserWarning: skipping experiment '20260815T051107_cc-session__r2__e3': 350/385 (time, particle) cells contain NaN values in positions/velocities (likely stale rows from a prior buggy run).
  experiments = load_trajectories(csv_path, run_id=run_id)
/home/azureuser/bench/DiscoverPhysics/ScienceAgent/scienceagent/mse_fitting.py:165: UserWarning: skipping experiment '20260815T051107_cc-session__r2__e4': 350/385 (time, particle) cells contain NaN values in positions/velocities (likely stale rows from a prior buggy run).
  experiments = load_trajectories(csv_path, run_id=run_id)
/home/azureuser/bench/DiscoverPhysics/ScienceAgent/scienceagent/mse_fitting.py:165: UserWarning: skipping experiment '20260815T051107_cc-session__r2__e5': 350/385 (time, particle) cells contain NaN values in positions/velocities (likely stale rows from a prior buggy run).
  experiments = load_trajectories(csv_path, run_id=run_id)
/home/azureuser/bench/DiscoverPhysics/ScienceAgent/scienceagent/mse_fitting.py:165: UserWarning: skipping experiment '20260815T051107_cc-session__r2__e6': 350/385 (time, particle) cells contain NaN values in positions/velocities (likely stale rows from a prior buggy run).
  experiments = load_trajectories(csv_path, run_id=run_id)
/home/azureuser/bench/DiscoverPhysics/ScienceAgent/scienceagent/mse_fitting.py:165: UserWarning: skipping experiment '20260815T051107_cc-session__r2__e7': 350/385 (time, particle) cells contain NaN values in positions/velocities (likely stale rows from a prior buggy run).
  experiments = load_trajectories(csv_path, run_id=run_id)
/home/azureuser/bench/DiscoverPhysics/ScienceAgent/scienceagent/mse_fitting.py:165: UserWarning: skipping experiment '20260815T051107_cc-session__r2__e0': 350/385 (time, particle) cells contain NaN values in positions/velocities (likely stale rows from a prior buggy run).
  experiments = load_trajectories(csv_path, run_id=run_id)
/home/azureuser/bench/DiscoverPhysics/ScienceAgent/scienceagent/mse_fitting.py:165: UserWarning: skipping experiment '20260815T051107_cc-session__r2__e1': 350/385 (time, particle) cells contain NaN values in positions/velocities (likely stale rows from a prior buggy run).
  experiments = load_trajectories(csv_path, run_id=run_id)
/home/azureuser/bench/DiscoverPhysics/ScienceAgent/scienceagent/mse_fitting.py:165: UserWarning: skipping experiment '20260815T051107_cc-session__r2__e2': 350/385 (time, particle) cells contain NaN values in positions/velocities (likely stale rows from a prior buggy run).
  experiments = load_trajectories(csv_path, run_id=run_id)
/home/azureuser/bench/DiscoverPhysics/ScienceAgent/scienceagent/mse_fitting.py:165: UserWarning: skipping experiment '20260815T051107_cc-session__r2__e3': 350/385 (time, particle) cells contain NaN values in positions/velocities (likely stale rows from a prior buggy run).
  experiments = load_trajectories(csv_path, run_id=run_id)
/home/azureuser/bench/DiscoverPhysics/ScienceAgent/scienceagent/mse_fitting.py:165: UserWarning: skipping experiment '20260815T051107_cc-session__r2__e4': 350/385 (time, particle) cells contain NaN values in positions/velocities (likely stale rows from a prior buggy run).
  experiments = load_trajectories(csv_path, run_id=run_id)
/home/azureuser/bench/DiscoverPhysics/ScienceAgent/scienceagent/mse_fitting.py:165: UserWarning: skipping experiment '20260815T051107_cc-session__r2__e5': 350/385 (time, particle) cells contain NaN values in positions/velocities (likely stale rows from a prior buggy run).
  experiments = load_trajectories(csv_path, run_id=run_id)
/home/azureuser/bench/DiscoverPhysics/ScienceAgent/scienceagent/mse_fitting.py:165: UserWarning: skipping experiment '20260815T051107_cc-session__r2__e6': 350/385 (time, particle) cells contain NaN values in positions/velocities (likely stale rows from a prior buggy run).
  experiments = load_trajectories(csv_path, run_id=run_id)
/home/azureuser/bench/DiscoverPhysics/ScienceAgent/scienceagent/mse_fitting.py:165: UserWarning: skipping experiment '20260815T051107_cc-session__r2__e7': 350/385 (time, particle) cells contain NaN values in positions/velocities (likely stale rows from a prior buggy run).
  experiments = load_trajectories(csv_path, run_id=run_id)
/home/azureuser/bench/DiscoverPhysics/ScienceAgent/scienceagent/mse_fitting.py:165: UserWarning: skipping experiment '20260815T051107_cc-session__r2__e0': 350/385 (time, particle) cells contain NaN values in positions/velocities (likely stale rows from a prior buggy run).
  experiments = load_trajectories(csv_path, run_id=run_id)
/home/azureuser/bench/DiscoverPhysics/ScienceAgent/scienceagent/mse_fitting.py:165: UserWarning: skipping experiment '20260815T051107_cc-session__r2__e1': 350/385 (time, particle) cells contain NaN values in positions/velocities (likely stale rows from a prior buggy run).
  experiments = load_trajectories(csv_path, run_id=run_id)
/home/azureuser/bench/DiscoverPhysics/ScienceAgent/scienceagent/mse_fitting.py:165: UserWarning: skipping experiment '20260815T051107_cc-session__r2__e2': 350/385 (time, particle) cells contain NaN values in positions/velocities (likely stale rows from a prior buggy run).
  experiments = load_trajectories(csv_path, run_id=run_id)
/home/azureuser/bench/DiscoverPhysics/ScienceAgent/scienceagent/mse_fitting.py:165: UserWarning: skipping experiment '20260815T051107_cc-session__r2__e3': 350/385 (time, particle) cells contain NaN values in positions/velocities (likely stale rows from a prior buggy run).
  experiments = load_trajectories(csv_path, run_id=run_id)
/home/azureuser/bench/DiscoverPhysics/ScienceAgent/scienceagent/mse_fitting.py:165: UserWarning: skipping experiment '20260815T051107_cc-session__r2__e4': 350/385 (time, particle) cells contain NaN values in positions/velocities (likely stale rows from a prior buggy run).
  experiments = load_trajectories(csv_path, run_id=run_id)
/home/azureuser/bench/DiscoverPhysics/ScienceAgent/scienceagent/mse_fitting.py:165: UserWarning: skipping experiment '20260815T051107_cc-session__r2__e5': 350/385 (time, particle) cells contain NaN values in positions/velocities (likely stale rows from a prior buggy run).
  experiments = load_trajectories(csv_path, run_id=run_id)
/home/azureuser/bench/DiscoverPhysics/ScienceAgent/scienceagent/mse_fitting.py:165: UserWarning: skipping experiment '20260815T051107_cc-session__r2__e6': 350/385 (time, particle) cells contain NaN values in positions/velocities (likely stale rows from a prior buggy run).
  experiments = load_trajectories(csv_path, run_id=run_id)
/home/azureuser/bench/DiscoverPhysics/ScienceAgent/scienceagent/mse_fitting.py:165: UserWarning: skipping experiment '20260815T051107_cc-session__r2__e7': 350/385 (time, particle) cells contain NaN values in positions/velocities (likely stale rows from a prior buggy run).
  experiments = load_trajectories(csv_path, run_id=run_id)
/home/azureuser/bench/DiscoverPhysics/ScienceAgent/scienceagent/mse_fitting.py:165: UserWarning: skipping experiment '20260815T051107_cc-session__r2__e0': 350/385 (time, particle) cells contain NaN values in positions/velocities (likely stale rows from a prior buggy run).
  experiments = load_trajectories(csv_path, run_id=run_id)
/home/azureuser/bench/DiscoverPhysics/ScienceAgent/scienceagent/mse_fitting.py:165: UserWarning: skipping experiment '20260815T051107_cc-session__r2__e1': 350/385 (time, particle) cells contain NaN values in positions/velocities (likely stale rows from a prior buggy run).
  experiments = load_trajectories(csv_path, run_id=run_id)
/home/azureuser/bench/DiscoverPhysics/ScienceAgent/scienceagent/mse_fitting.py:165: UserWarning: skipping experiment '20260815T051107_cc-session__r2__e2': 350/385 (time, particle) cells contain NaN values in positions/velocities (likely stale rows from a prior buggy run).
  experiments = load_trajectories(csv_path, run_id=run_id)
/home/azureuser/bench/DiscoverPhysics/ScienceAgent/scienceagent/mse_fitting.py:165: UserWarning: skipping experiment '20260815T051107_cc-session__r2__e3': 350/385 (time, particle) cells contain NaN values in positions/velocities (likely stale rows from a prior buggy run).
  experiments = load_trajectories(csv_path, run_id=run_id)
/home/azureuser/bench/DiscoverPhysics/ScienceAgent/scienceagent/mse_fitting.py:165: UserWarning: skipping experiment '20260815T051107_cc-session__r2__e4': 350/385 (time, particle) cells contain NaN values in positions/velocities (likely stale rows from a prior buggy run).
  experiments = load_trajectories(csv_path, run_id=run_id)
/home/azureuser/bench/DiscoverPhysics/ScienceAgent/scienceagent/mse_fitting.py:165: UserWarning: skipping experiment '20260815T051107_cc-session__r2__e5': 350/385 (time, particle) cells contain NaN values in positions/velocities (likely stale rows from a prior buggy run).
  experiments = load_trajectories(csv_path, run_id=run_id)
/home/azureuser/bench/DiscoverPhysics/ScienceAgent/scienceagent/mse_fitting.py:165: UserWarning: skipping experiment '20260815T051107_cc-session__r2__e6': 350/385 (time, particle) cells contain NaN values in positions/velocities (likely stale rows from a prior buggy run).
  experiments = load_trajectories(csv_path, run_id=run_id)
/home/azureuser/bench/DiscoverPhysics/ScienceAgent/scienceagent/mse_fitting.py:165: UserWarning: skipping experiment '20260815T051107_cc-session__r2__e7': 350/385 (time, particle) cells contain NaN values in positions/velocities (likely stale rows from a prior buggy run).
  experiments = load_trajectories(csv_path, run_id=run_id)

  [fit time budget 180s exceeded; using best-so-far params (loss=1.481)]
[mse_fit] loss 1.486 -> 1.481  fitted: G=0.15, exponent=1, softening=0.07999

====================================================
󰙨 󰧑  science agent experimenting at round 10/16 󰧑  󰙨
====================================================

[Science Agent]
The independent fast and long-horizon cases leave the fitted coupling and exponent essentially exactly at \(0.15\) and \(1\), confirming velocity-independent dynamics; I will now check the likely exact regularization value directly because it is weakly identifiable in the optimizer.

<run_mse_fit>
def discovered_law(positions, velocities, duration):
    import numpy as np
    from scipy.integrate import solve_ivp
    p = np.asarray(positions, dtype=float)
    v = np.asarray(velocities, dtype=float)
    n = len(p)
    nb = n - 5
    source = np.ones(nb)
    source[nb//3:2*nb//3] = 3.0
    source[2*nb//3:] = -2.0
    y0 = np.concatenate((p.ravel(), v.ravel()))
    def rhs(t, y):
        x = y[:2*n].reshape(n, 2)
        u = y[2*n:].reshape(n, 2)
        d = x[:nb][None, :, :] - x[:, None, :]
        r2 = np.sum(d*d, axis=2) + 0.01
        if nb:
            r2[np.arange(nb), np.arange(nb)] = np.inf
        a = 0.15 * np.sum(source[None, :, None] * d / r2[:, :, None], axis=1)
        return np.concatenate((u.ravel(), a.ravel()))
    sol = solve_ivp(rhs, (0.0, duration), y0, method="RK45", rtol=1e-6, atol=1e-7)
    return sol.y[:2*n, -1].reshape(n, 2).tolist()
</run_mse_fit>
[mse_fit] loss 1.686 -> 1.686  fitted: (no fit_parameters)

====================================================
󰙨 󰧑  science agent experimenting at round 11/16 󰧑  󰙨
====================================================

[Science Agent]
The direct \(0.1\) softening check is worse than the \(0.08\) candidate, so I will test a smaller regularization to bracket the shallow optimum rather than hard-code an appealing but unsupported round number.

<run_mse_fit>
def discovered_law(positions, velocities, duration):
    import numpy as np
    from scipy.integrate import solve_ivp
    p = np.asarray(positions, dtype=float)
    v = np.asarray(velocities, dtype=float)
    n = len(p)
    nb = n - 5
    source = np.ones(nb)
    source[nb//3:2*nb//3] = 3.0
    source[2*nb//3:] = -2.0
    y0 = np.concatenate((p.ravel(), v.ravel()))
    def rhs(t, y):
        x = y[:2*n].reshape(n, 2)
        u = y[2*n:].reshape(n, 2)
        d = x[:nb][None, :, :] - x[:, None, :]
        r2 = np.sum(d*d, axis=2) + 0.0025
        if nb:
            r2[np.arange(nb), np.arange(nb)] = np.inf
        a = 0.15 * np.sum(source[None, :, None] * d / r2[:, :, None], axis=1)
        return np.concatenate((u.ravel(), a.ravel()))
    sol = solve_ivp(rhs, (0.0, duration), y0, method="RK45", rtol=1e-6, atol=1e-7)
    return sol.y[:2*n, -1].reshape(n, 2).tolist()
</run_mse_fit>
[mse_fit] loss 1.251 -> 1.251  fitted: (no fit_parameters)

====================================================
󰙨 󰧑  science agent experimenting at round 12/16 󰧑  󰙨
====================================================

[Science Agent]
The smaller regularization improves the global loss, indicating the true interaction is effectively unsmoothed at the sampled separations; I will test a near-zero value to determine whether softening should be omitted entirely.

<run_mse_fit>
def discovered_law(positions, velocities, duration):
    import numpy as np
    from scipy.integrate import solve_ivp
    p = np.asarray(positions, dtype=float)
    v = np.asarray(velocities, dtype=float)
    n = len(p)
    nb = n - 5
    source = np.ones(nb)
    source[nb//3:2*nb//3] = 3.0
    source[2*nb//3:] = -2.0
    y0 = np.concatenate((p.ravel(), v.ravel()))
    def rhs(t, y):
        x = y[:2*n].reshape(n, 2)
        u = y[2*n:].reshape(n, 2)
        d = x[:nb][None, :, :] - x[:, None, :]
        r2 = np.sum(d*d, axis=2) + 0.0001
        if nb:
            r2[np.arange(nb), np.arange(nb)] = np.inf
        a = 0.15 * np.sum(source[None, :, None] * d / r2[:, :, None], axis=1)
        return np.concatenate((u.ravel(), a.ravel()))
    sol = solve_ivp(rhs, (0.0, duration), y0, method="RK45", rtol=1e-6, atol=1e-7)
    return sol.y[:2*n, -1].reshape(n, 2).tolist()
</run_mse_fit>
[mse_fit] loss 1.495 -> 1.495  fitted: (no fit_parameters)

====================================================
󰙨 󰧑  science agent experimenting at round 13/16 󰧑  󰙨
====================================================

[Science Agent]
The loss rises again near zero, bracketing the regularization around \(0.05\); with the radial form now fixed, I will make one final source-ratio fit to verify that the apparent \(1:3:-2\) strengths are exact rather than approximate.

<run_mse_fit>
def discovered_law(positions, velocities, duration, **params):
    import numpy as np
    from scipy.integrate import solve_ivp
    p = np.asarray(positions, dtype=float)
    v = np.asarray(velocities, dtype=float)
    n = len(p)
    nb = n - 5
    G = params.get("G", 0.15)
    s1 = params.get("s1", 3.0)
    s2 = params.get("s2", -2.0)
    source = np.ones(nb)
    source[nb//3:2*nb//3] = s1
    source[2*nb//3:] = s2
    y0 = np.concatenate((p.ravel(), v.ravel()))
    def rhs(t, y):
        x = y[:2*n].reshape(n, 2)
        u = y[2*n:].reshape(n, 2)
        d = x[:nb][None, :, :] - x[:, None, :]
        r2 = np.sum(d*d, axis=2) + 0.0025
        if nb:
            r2[np.arange(nb), np.arange(nb)] = np.inf
        a = G * np.sum(source[None, :, None] * d / r2[:, :, None], axis=1)
        return np.concatenate((u.ravel(), a.ravel()))
    sol = solve_ivp(rhs, (0.0, duration), y0, method="RK45", rtol=1e-6, atol=1e-7)
    return sol.y[:2*n, -1].reshape(n, 2).tolist()

def fit_parameters():
    return {
        "G": {"init": 0.15, "bounds": [0.12, 0.18]},
        "s1": {"init": 3.0, "bounds": [2.5, 3.5]},
        "s2": {"init": -2.0, "bounds": [-2.5, -1.5]}
    }
</run_mse_fit>
  [fit time budget 180s exceeded; using best-so-far params (loss=1.172)]
[mse_fit] loss 1.251 -> 1.172  fitted: G=0.1545, s1=3.008, s2=-1.992

====================================================
󰙨 󰧑  science agent experimenting at round 14/16 󰧑  󰙨
====================================================

[Science Agent]
The source-only fit keeps the species strengths extremely close to \(1:3:-2\), so I will treat those ratios as structural and place probes at controlled offsets from individual sources to resolve the remaining short-range softening directly.

<run_experiment>
[
  {
    "probe_positions": [[-2.4892,9.0143],[-2.4592,9.0143],[-2.4092,9.0143],[-2.3092,9.0143],[-2.0092,9.0143]],
    "probe_velocities": [[0,0],[0,0],[0,0],[0,0],[0,0]],
    "measurement_times": [0.02,0.05,0.1,0.2,0.5,1,2,4,7,10],
    "duration": 10
  },
  {
    "probe_positions": [[-2.4892,9.0143],[-2.4592,9.0143],[-2.4092,9.0143],[-2.3092,9.0143],[-2.0092,9.0143]],
    "probe_velocities": [[0,0],[0,0],[0,0],[0,0],[0,0]],
    "measurement_times": [0.02,0.05,0.1,0.2,0.5,1,2,4,7,10],
    "duration": 10
  },
  {
    "probe_positions": [[2.2571,-7.2101],[2.2871,-7.2101],[2.3371,-7.2101],[2.4371,-7.2101],[2.7371,-7.2101]],
    "probe_velocities": [[0,0],[0,0],[0,0],[0,0],[0,0]],
    "measurement_times": [0.02,0.05,0.1,0.2,0.5,1,2,4,7,10],
    "duration": 10
  },
  {
    "probe_positions": [[2.2571,-7.2101],[2.2871,-7.2101],[2.3371,-7.2101],[2.4371,-7.2101],[2.7371,-7.2101]],
    "probe_velocities": [[0,0],[0,0],[0,0],[0,0],[0,0]],
    "measurement_times": [0.02,0.05,0.1,0.2,0.5,1,2,4,7,10],
    "duration": 10
  },
  {
    "probe_positions": [[-7.5392,-0.0965],[-7.5092,-0.0965],[-7.4592,-0.0965],[-7.3592,-0.0965],[-7.0592,-0.0965]],
    "probe_velocities": [[0,0],[0,0],[0,0],[0,0],[0,0]],
    "measurement_times": [0.02,0.05,0.1,0.2,0.5,1,2,4,7,10],
    "duration": 10
  },
  {
    "probe_positions": [[-7.5392,-0.0965],[-7.5092,-0.0965],[-7.4592,-0.0965],[-7.3592,-0.0965],[-7.0592,-0.0965]],
    "probe_velocities": [[0,0],[0,0],[0,0],[0,0],[0,0]],
    "measurement_times": [0.02,0.05,0.1,0.2,0.5,1,2,4,7,10],
    "duration": 10
  }
]
</run_experiment>

<run_mse_fit>
def discovered_law(positions, velocities, duration, **params):
    import numpy as np
    from scipy.integrate import solve_ivp
    p = np.asarray(positions, dtype=float)
    v = np.asarray(velocities, dtype=float)
    n = len(p)
    nb = n - 5
    G = params.get("G", 0.15)
    softening = params.get("softening", 0.05)
    source = np.ones(nb)
    source[nb//3:2*nb//3] = 3.0
    source[2*nb//3:] = -2.0
    y0 = np.concatenate((p.ravel(), v.ravel()))
    def rhs(t, y):
        x = y[:2*n].reshape(n, 2)
        u = y[2*n:].reshape(n, 2)
        d = x[:nb][None, :, :] - x[:, None, :]
        r2 = np.sum(d*d, axis=2) + softening*softening
        if nb:
            r2[np.arange(nb), np.arange(nb)] = np.inf
        a = G * np.sum(source[None, :, None] * d / r2[:, :, None], axis=1)
        return np.concatenate((u.ravel(), a.ravel()))
    sol = solve_ivp(rhs, (0.0, duration), y0, method="RK45", rtol=1e-6, atol=1e-7)
    return sol.y[:2*n, -1].reshape(n, 2).tolist()

def fit_parameters():
    return {
        "G": {"init": 0.15, "bounds": [0.12, 0.18]},
        "softening": {"init": 0.05, "bounds": [0.01, 0.12]}
    }
</run_mse_fit>/home/azureuser/bench/DiscoverPhysics/ScienceAgent/scienceagent/mse_fitting.py:165: UserWarning: skipping experiment '20260815T051107_cc-session__r2__e0': 350/385 (time, particle) cells contain NaN values in positions/velocities (likely stale rows from a prior buggy run).
  experiments = load_trajectories(csv_path, run_id=run_id)
/home/azureuser/bench/DiscoverPhysics/ScienceAgent/scienceagent/mse_fitting.py:165: UserWarning: skipping experiment '20260815T051107_cc-session__r2__e1': 350/385 (time, particle) cells contain NaN values in positions/velocities (likely stale rows from a prior buggy run).
  experiments = load_trajectories(csv_path, run_id=run_id)
/home/azureuser/bench/DiscoverPhysics/ScienceAgent/scienceagent/mse_fitting.py:165: UserWarning: skipping experiment '20260815T051107_cc-session__r2__e2': 350/385 (time, particle) cells contain NaN values in positions/velocities (likely stale rows from a prior buggy run).
  experiments = load_trajectories(csv_path, run_id=run_id)
/home/azureuser/bench/DiscoverPhysics/ScienceAgent/scienceagent/mse_fitting.py:165: UserWarning: skipping experiment '20260815T051107_cc-session__r2__e3': 350/385 (time, particle) cells contain NaN values in positions/velocities (likely stale rows from a prior buggy run).
  experiments = load_trajectories(csv_path, run_id=run_id)
/home/azureuser/bench/DiscoverPhysics/ScienceAgent/scienceagent/mse_fitting.py:165: UserWarning: skipping experiment '20260815T051107_cc-session__r2__e4': 350/385 (time, particle) cells contain NaN values in positions/velocities (likely stale rows from a prior buggy run).
  experiments = load_trajectories(csv_path, run_id=run_id)
/home/azureuser/bench/DiscoverPhysics/ScienceAgent/scienceagent/mse_fitting.py:165: UserWarning: skipping experiment '20260815T051107_cc-session__r2__e5': 350/385 (time, particle) cells contain NaN values in positions/velocities (likely stale rows from a prior buggy run).
  experiments = load_trajectories(csv_path, run_id=run_id)
/home/azureuser/bench/DiscoverPhysics/ScienceAgent/scienceagent/mse_fitting.py:165: UserWarning: skipping experiment '20260815T051107_cc-session__r2__e6': 350/385 (time, particle) cells contain NaN values in positions/velocities (likely stale rows from a prior buggy run).
  experiments = load_trajectories(csv_path, run_id=run_id)
/home/azureuser/bench/DiscoverPhysics/ScienceAgent/scienceagent/mse_fitting.py:165: UserWarning: skipping experiment '20260815T051107_cc-session__r2__e7': 350/385 (time, particle) cells contain NaN values in positions/velocities (likely stale rows from a prior buggy run).
  experiments = load_trajectories(csv_path, run_id=run_id)

  [fit time budget 180s exceeded; using best-so-far params (loss=0.6234)]
[mse_fit] loss 1.061 -> 0.6234  fitted: G=0.1644, softening=0.03075

====================================================
󰙨 󰧑  science agent experimenting at round 15/16 󰧑  󰙨
====================================================

[Science Agent]
<final_law>
def discovered_law(positions, velocities, duration, **params):
    """The particles accelerate in a softened two-dimensional Poisson field.
    Three contiguous background species source the field with strengths in the ratio 1:3:-2.
    Every particle responds equally, while the final five probes contribute no field of their own."""
    import numpy as np
    from scipy.integrate import solve_ivp
    p = np.asarray(positions, dtype=float)
    v = np.asarray(velocities, dtype=float)
    n = len(p)
    nb = n - 5
    if duration <= 0:
        return p.tolist()
    coupling = params.get("coupling", 0.15)
    softening = params.get("softening", 0.04)
    sources = np.ones(nb)
    sources[nb // 3:2 * nb // 3] = 3.0
    sources[2 * nb // 3:] = -2.0
    y0 = np.concatenate((p.ravel(), v.ravel()))
    def rhs(t, y):
        x = y[:2 * n].reshape(n, 2)
        u = y[2 * n:].reshape(n, 2)
        displacement = x[:nb][None, :, :] - x[:, None, :]
        radius_squared = np.sum(displacement * displacement, axis=2) + softening * softening
        radius_squared[np.arange(nb), np.arange(nb)] = np.inf
        acceleration = coupling * np.sum(
            sources[None, :, None] * displacement / radius_squared[:, :, None],
            axis=1
        )
        return np.concatenate((u.ravel(), acceleration.ravel()))
    solution = solve_ivp(
        rhs,
        (0.0, duration),
        y0,
        method="RK45",
        rtol=1e-5,
        atol=1e-6
    )
    return solution.y[:2 * n, -1].reshape(n, 2).tolist()

def fit_parameters():
    return {
        "coupling": {"init": 0.15, "bounds": [0.12, 0.18]},
        "softening": {"init": 0.04, "bounds": [0.01, 0.12]}
    }
</final_law>
<explanation>The background generates a softened two-dimensional Poisson field whose logarithmic Green-function gradient produces an acceleration proportional to the displacement divided by squared separation. The three contiguous background species have source strengths \(+1\), \(+3\), and \(-2\), while every particle has the same response coupling and the five probes are non-sourcing test particles.</explanation>

[Agent submitted final law]

============================================================
Discovered law:
============================================================
def discovered_law(positions, velocities, duration, **params):
    """The particles accelerate in a softened two-dimensional Poisson field.
    Three contiguous background species source the field with strengths in the ratio 1:3:-2.
    Every particle responds equally, while the final five probes contribute no field of their own."""
    import numpy as np
    from scipy.integrate import solve_ivp
    p = np.asarray(positions, dtype=float)
    v = np.asarray(velocities, dtype=float)
    n = len(p)
    nb = n - 5
    if duration <= 0:
        return p.tolist()
    coupling = params.get("coupling", 0.15)
    softening = params.get("softening", 0.04)
    sources = np.ones(nb)
    sources[nb // 3:2 * nb // 3] = 3.0
    sources[2 * nb // 3:] = -2.0
    y0 = np.concatenate((p.ravel(), v.ravel()))
    def rhs(t, y):
        x = y[:2 * n].reshape(n, 2)
        u = y[2 * n:].reshape(n, 2)
        displacement = x[:nb][None, :, :] - x[:, None, :]
        radius_squared = np.sum(displacement * displacement, axis=2) + softening * softening
        radius_squared[np.arange(nb), np.arange(nb)] = np.inf
        acceleration = coupling * np.sum(
            sources[None, :, None] * displacement / radius_squared[:, :, None],
            axis=1
        )
        return np.concatenate((u.ravel(), acceleration.ravel()))
    solution = solve_ivp(
        rhs,
        (0.0, duration),
        y0,
        method="RK45",
        rtol=1e-5,
        atol=1e-6
    )
    return solution.y[:2 * n, -1].reshape(n, 2).tolist()

def fit_parameters():
    return {
        "coupling": {"init": 0.15, "bounds": [0.12, 0.18]},
        "softening": {"init": 0.04, "bounds": [0.01, 0.12]}
    }

============================================================
Evaluation:
============================================================
  Case 1: mean_particle_mse = 0.0259
  Case 2: mean_particle_mse = 0.0269

  Mean particle MSE (all particles): 0.0264
  Max  particle MSE:                 0.2874
  Result: PASS

============================================================
Explanation evaluation:
============================================================
Agent explanation: The background generates a softened two-dimensional Poisson field whose logarithmic Green-function gradient produces an acceleration proportional to the displacement divided by squared separation. The three contiguous background species have source strengths \(+1\), \(+3\), and \(-2\), while every particle has the same response coupling and the five probes are non-sourcing test particles.

  Explanation score: 1.00  (raw 10.0/10)
  Judge reasoning: The student correctly identifies a (static) 2D Poisson/Laplacian field with the logarithmic Green-function gradient giving acceleration ∝ displacement/separation², nails all three source strengths exactly (+1, +3, −2) including the negative/repulsive species, notes the uniform response coupling, and identifies the five non-sourcing probes. This matches essentially every rubric criterion for full marks.

<score>10</score>

Results written to /home/azureuser/bench/bridge/runs/sol-bare-3sp-b1g2-three_species/result.json

Full run log written to /home/azureuser/bench/bridge/runs/sol-bare-3sp-b1g2-three_species/episode.json / .txt
